[
    {
        "code": "BRC0001",
        "message": "First name (firstName) is required."
    },
    {
        "code": "BRC0002",
        "message": "Last name (lastName) is required."
    },
    {
        "code": "BRC0003",
        "message": "Brand (brand) is required."
    },
    {
        "code": "BRC0004",
        "message": "Language (language)  is required."
    }
]