[
    {
        "code": "AF",
        "label": "Afghanistan"
    },
    {
        "code": "AL",
        "label": "Albania"
    },
    {
        "code": "DZ",
        "label": "Algeria"
    },
    {
        "code": "AD",
        "label": "Andorra"
    },
    {
        "code": "AO",
        "label": "Angola"
    },
    {
        "code": "AI",
        "label": "Anguilla"
    },
    {
        "code": "AG",
        "label": "Antigua And Barbuda"
    },
    {
        "code": "AR",
        "label": "Argentina"
    },
    {
        "code": "AM",
        "label": "Armenia"
    },
    {
        "code": "AW",
        "label": "Aruba"
    },
    {
        "code": "AU",
        "label": "Australia"
    },
    {
        "code": "AT",
        "label": "Austria"
    },
    {
        "code": "AZ",
        "label": "Azerbaidjan"
    },
    {
        "code": "BS",
        "label": "Bahamas"
    },
    {
        "code": "BH",
        "label": "Bahrain"
    },
    {
        "code": "BD",
        "label": "Bangladesh"
    },
    {
        "code": "BB",
        "label": "Barbados"
    },
    {
        "code": "BY",
        "label": "Belarus"
    },
    {
        "code": "BE",
        "label": "Belgium"
    },
    {
        "code": "BZ",
        "label": "Belize"
    },
    {
        "code": "BJ",
        "label": "Benin"
    },
    {
        "code": "BM",
        "label": "Bermuda"
    },
    {
        "code": "BT",
        "label": "Bhutan"
    },
    {
        "code": "BO",
        "label": "Bolivia"
    },
    {
        "code": "BQ",
        "label": "Bonaire, Saba, Saint Eustatius"
    },
    {
        "code": "BA",
        "label": "Bosnia Herzegovina"
    },
    {
        "code": "BW",
        "label": "Botswana"
    },
    {
        "code": "BV",
        "label": "Bouvet Island"
    },
    {
        "code": "BR",
        "label": "Brazil"
    },
    {
        "code": "BN",
        "label": "Brunei"
    },
    {
        "code": "BG",
        "label": "Bulgaria"
    },
    {
        "code": "BF",
        "label": "Burkina Faso"
    },
    {
        "code": "BI",
        "label": "Burundi"
    },
    {
        "code": "KH",
        "label": "Cambodia"
    },
    {
        "code": "CM",
        "label": "Cameroon"
    },
    {
        "code": "CA",
        "label": "Canada"
    },
    {
        "code": "CV",
        "label": "Cape Verde"
    },
    {
        "code": "KY",
        "label": "Cayman Islands"
    },
    {
        "code": "CF",
        "label": "Central African Republic"
    },
    {
        "code": "TD",
        "label": "Chad"
    },
    {
        "code": "CL",
        "label": "Chile"
    },
    {
        "code": "CN",
        "label": "China"
    },
    {
        "code": "CX",
        "label": "Christmas Island"
    },
    {
        "code": "CC",
        "label": "Cocos (keeling) Islands"
    },
    {
        "code": "CO",
        "label": "Colombia"
    },
    {
        "code": "KM",
        "label": "Comoros"
    },
    {
        "code": "CG",
        "label": "Congo"
    },
    {
        "code": "CK",
        "label": "Cook Islands"
    },
    {
        "code": "CR",
        "label": "Costa Rica"
    },
    {
        "code": "CI",
        "label": "Cote D'ivoire"
    },
    {
        "code": "HR",
        "label": "Croatia"
    },
    {
        "code": "CU",
        "label": "Cuba"
    },
    {
        "code": "CW",
        "label": "Curacao"
    },
    {
        "code": "CY",
        "label": "Cyprus"
    },
    {
        "code": "CZ",
        "label": "Czech Republic"
    },
    {
        "code": "CD",
        "label": "Democratic Republic Of Congo"
    },
    {
        "code": "DK",
        "label": "Denmark"
    },
    {
        "code": "DJ",
        "label": "Djibouti"
    },
    {
        "code": "DM",
        "label": "Dominica"
    },
    {
        "code": "DO",
        "label": "Dominican Republic"
    },
    {
        "code": "EC",
        "label": "Ecuador"
    },
    {
        "code": "EG",
        "label": "Egypt"
    },
    {
        "code": "SV",
        "label": "El Salvador"
    },
    {
        "code": "GQ",
        "label": "Equatorial Guinea"
    },
    {
        "code": "ER",
        "label": "Eritrea"
    },
    {
        "code": "EE",
        "label": "Estonia"
    },
    {
        "code": "ET",
        "label": "Ethiopia"
    },
    {
        "code": "FO",
        "label": "Faeroe Islands"
    },
    {
        "code": "FK",
        "label": "Falkland Islands"
    },
    {
        "code": "FJ",
        "label": "Fiji"
    },
    {
        "code": "FI",
        "label": "Finland"
    },
    {
        "code": "FR",
        "label": "France"
    },
    {
        "code": "GF",
        "label": "French Guiana"
    },
    {
        "code": "PF",
        "label": "French Polynesia"
    },
    {
        "code": "TF",
        "label": "French Southern Territories"
    },
    {
        "code": "GA",
        "label": "Gabon"
    },
    {
        "code": "GM",
        "label": "Gambia"
    },
    {
        "code": "GE",
        "label": "Georgia"
    },
    {
        "code": "DE",
        "label": "Germany"
    },
    {
        "code": "GH",
        "label": "Ghana"
    },
    {
        "code": "GI",
        "label": "Gibraltar"
    },
    {
        "code": "GR",
        "label": "Greece"
    },
    {
        "code": "GL",
        "label": "Greenland"
    },
    {
        "code": "GD",
        "label": "Grenada"
    },
    {
        "code": "GP",
        "label": "Guadeloupe"
    },
    {
        "code": "GU",
        "label": "Guam"
    },
    {
        "code": "GT",
        "label": "Guatemala"
    },
    {
        "code": "GG",
        "label": "Guernsey (c.i.)"
    },
    {
        "code": "GN",
        "label": "Guinea"
    },
    {
        "code": "GW",
        "label": "Guinea-bissau"
    },
    {
        "code": "GY",
        "label": "Guyana"
    },
    {
        "code": "HT",
        "label": "Haiti"
    },
    {
        "code": "HM",
        "label": "Heard And Mcdonald Islands"
    },
    {
        "code": "HN",
        "label": "Honduras"
    },
    {
        "code": "HK",
        "label": "Hong Kong"
    },
    {
        "code": "HU",
        "label": "Hungary"
    },
    {
        "code": "IS",
        "label": "Iceland"
    },
    {
        "code": "IN",
        "label": "India"
    },
    {
        "code": "ID",
        "label": "Indonesia"
    },
    {
        "code": "IR",
        "label": "Iran"
    },
    {
        "code": "IQ",
        "label": "Iraq"
    },
    {
        "code": "IE",
        "label": "Ireland"
    },
    {
        "code": "IL",
        "label": "Israel"
    },
    {
        "code": "IT",
        "label": "Italy"
    },
    {
        "code": "JM",
        "label": "Jamaica"
    },
    {
        "code": "JP",
        "label": "Japan"
    },
    {
        "code": "JE",
        "label": "Jersey (c.i.)"
    },
    {
        "code": "JO",
        "label": "Jordan"
    },
    {
        "code": "KZ",
        "label": "Kazakhstan"
    },
    {
        "code": "KE",
        "label": "Kenya"
    },
    {
        "code": "KI",
        "label": "Kiribati"
    },
    {
        "code": "XK",
        "label": "Kosovo"
    },
    {
        "code": "KW",
        "label": "Kuwait"
    },
    {
        "code": "KG",
        "label": "Kyrgyzstan"
    },
    {
        "code": "LA",
        "label": "Laos"
    },
    {
        "code": "LV",
        "label": "Latvia"
    },
    {
        "code": "LB",
        "label": "Lebanon"
    },
    {
        "code": "LS",
        "label": "Lesotho"
    },
    {
        "code": "LR",
        "label": "Liberia"
    },
    {
        "code": "LY",
        "label": "Libya"
    },
    {
        "code": "LI",
        "label": "Liechtenstein"
    },
    {
        "code": "LT",
        "label": "Lithuania"
    },
    {
        "code": "LU",
        "label": "Luxembourg"
    },
    {
        "code": "MO",
        "label": "Macau"
    },
    {
        "code": "MK",
        "label": "Macedonia"
    },
    {
        "code": "MG",
        "label": "Madagascar"
    },
    {
        "code": "MW",
        "label": "Malawi"
    },
    {
        "code": "MY",
        "label": "Malaysia"
    },
    {
        "code": "MV",
        "label": "Maldives"
    },
    {
        "code": "ML",
        "label": "Mali"
    },
    {
        "code": "MT",
        "label": "Malta"
    },
    {
        "code": "IM",
        "label": "Man (isle Of)"
    },
    {
        "code": "MP",
        "label": "Mariana (northern Islands)"
    },
    {
        "code": "MH",
        "label": "Marshall Islands"
    },
    {
        "code": "MQ",
        "label": "Martinique"
    },
    {
        "code": "MR",
        "label": "Mauritania"
    },
    {
        "code": "MU",
        "label": "Mauritius"
    },
    {
        "code": "YT",
        "label": "Mayotte"
    },
    {
        "code": "MX",
        "label": "Mexico"
    },
    {
        "code": "FM",
        "label": "Micronesia"
    },
    {
        "code": "MD",
        "label": "Moldova"
    },
    {
        "code": "MC",
        "label": "Monaco"
    },
    {
        "code": "MN",
        "label": "Mongolia"
    },
    {
        "code": "ME",
        "label": "Montenegro"
    },
    {
        "code": "MS",
        "label": "Montserrat"
    },
    {
        "code": "MA",
        "label": "Morocco"
    },
    {
        "code": "MZ",
        "label": "Mozambique"
    },
    {
        "code": "MM",
        "label": "Myanmar"
    },
    {
        "code": "NA",
        "label": "Namibia"
    },
    {
        "code": "NR",
        "label": "Nauru"
    },
    {
        "code": "NP",
        "label": "Nepal"
    },
    {
        "code": "NL",
        "label": "Netherlands"
    },
    {
        "code": "AN",
        "label": "Netherlands Antilles"
    },
    {
        "code": "NC",
        "label": "New Caledonia"
    },
    {
        "code": "NZ",
        "label": "New Zealand"
    },
    {
        "code": "NI",
        "label": "Nicaragua"
    },
    {
        "code": "NE",
        "label": "Niger"
    },
    {
        "code": "NG",
        "label": "Nigeria"
    },
    {
        "code": "NU",
        "label": "Niue"
    },
    {
        "code": "NF",
        "label": "Norfolk Island"
    },
    {
        "code": "KP",
        "label": "North Korea (dem Peoples Rep)"
    },
    {
        "code": "NO",
        "label": "Norway"
    },
    {
        "code": "OM",
        "label": "Oman"
    },
    {
        "code": "PK",
        "label": "Pakistan"
    },
    {
        "code": "PW",
        "label": "Palau"
    },
    {
        "code": "PS",
        "label": "Palestine"
    },
    {
        "code": "PA",
        "label": "Panama"
    },
    {
        "code": "PZ",
        "label": "Panama"
    },
    {
        "code": "PG",
        "label": "Papua New Guinea"
    },
    {
        "code": "PY",
        "label": "Paraguay"
    },
    {
        "code": "PE",
        "label": "Peru"
    },
    {
        "code": "PH",
        "label": "Philippines"
    },
    {
        "code": "PN",
        "label": "Pitcairn"
    },
    {
        "code": "PL",
        "label": "Poland"
    },
    {
        "code": "PT",
        "label": "Portugal"
    },
    {
        "code": "PR",
        "label": "Puerto Rico"
    },
    {
        "code": "QA",
        "label": "Qatar"
    },
    {
        "code": "RE",
        "label": "Reunion"
    },
    {
        "code": "RO",
        "label": "Romania"
    },
    {
        "code": "RU",
        "label": "Russia"
    },
    {
        "code": "RW",
        "label": "Rwanda"
    },
    {
        "code": "EH",
        "label": "Sahara (western)"
    },
    {
        "code": "BL",
        "label": "Saint Barthelemy"
    },
    {
        "code": "KN",
        "label": "Saint Kitts And Nevis"
    },
    {
        "code": "MF",
        "label": "Saint Martin (north)"
    },
    {
        "code": "WS",
        "label": "Samoa"
    },
    {
        "code": "AS",
        "label": "Samoa (american)"
    },
    {
        "code": "SM",
        "label": "San Marino"
    },
    {
        "code": "ST",
        "label": "Sao Tome And Principe"
    },
    {
        "code": "SA",
        "label": "Saudi Arabia"
    },
    {
        "code": "SN",
        "label": "Senegal"
    },
    {
        "code": "RS",
        "label": "Serbia"
    },
    {
        "code": "CS",
        "label": "Serbia And Montenegro"
    },
    {
        "code": "SC",
        "label": "Seychelles"
    },
    {
        "code": "SL",
        "label": "Sierra Leone"
    },
    {
        "code": "SG",
        "label": "Singapore"
    },
    {
        "code": "SX",
        "label": "Sint Maarten"
    },
    {
        "code": "SK",
        "label": "Slovakia"
    },
    {
        "code": "SI",
        "label": "Slovenia"
    },
    {
        "code": "SB",
        "label": "Solomon Islands"
    },
    {
        "code": "SO",
        "label": "Somalia"
    },
    {
        "code": "ZA",
        "label": "South Africa"
    },
    {
        "code": "KR",
        "label": "South Korea (republic Of)"
    },
    {
        "code": "SS",
        "label": "South Sudan"
    },
    {
        "code": "ES",
        "label": "Spain"
    },
    {
        "code": "LK",
        "label": "Sri Lanka"
    },
    {
        "code": "SH",
        "label": "St Helena"
    },
    {
        "code": "LC",
        "label": "St Lucia"
    },
    {
        "code": "PM",
        "label": "St Pierre And Miquelon"
    },
    {
        "code": "VC",
        "label": "St Vincent And The Grenadine"
    },
    {
        "code": "GS",
        "label": "Sth-georgia/sandwich Island"
    },
    {
        "code": "SD",
        "label": "Sudan"
    },
    {
        "code": "SR",
        "label": "Suriname"
    },
    {
        "code": "SJ",
        "label": "Svalbard And Jan Mayen Island"
    },
    {
        "code": "SZ",
        "label": "Swaziland"
    },
    {
        "code": "SE",
        "label": "Sweden"
    },
    {
        "code": "CH",
        "label": "Switzerland"
    },
    {
        "code": "SY",
        "label": "Syria"
    },
    {
        "code": "TW",
        "label": "Taiwan"
    },
    {
        "code": "TJ",
        "label": "Tajikistan"
    },
    {
        "code": "TZ",
        "label": "Tanzania"
    },
    {
        "code": "TH",
        "label": "Thailand"
    },
    {
        "code": "TL",
        "label": "Timor-leste"
    },
    {
        "code": "TG",
        "label": "Togo"
    },
    {
        "code": "TK",
        "label": "Tokelau"
    },
    {
        "code": "TO",
        "label": "Tonga"
    },
    {
        "code": "TT",
        "label": "Trinidad And Tobago"
    },
    {
        "code": "TN",
        "label": "Tunisia"
    },
    {
        "code": "TR",
        "label": "Turkey"
    },
    {
        "code": "TM",
        "label": "Turkmenistan"
    },
    {
        "code": "TC",
        "label": "Turks And Caicos Islands"
    },
    {
        "code": "TV",
        "label": "Tuvalu"
    },
    {
        "code": "UM",
        "label": "U.s. Minor Outlying Islands"
    },
    {
        "code": "UG",
        "label": "Uganda"
    },
    {
        "code": "UA",
        "label": "Ukraine"
    },
    {
        "code": "AE",
        "label": "United Arab Emirates"
    },
    {
        "code": "GB",
        "label": "United Kingdom"
    },
    {
        "code": "US",
        "label": "United States Of America"
    },
    {
        "code": "UY",
        "label": "Uruguay"
    },
    {
        "code": "UZ",
        "label": "Uzbekistan"
    },
    {
        "code": "VU",
        "label": "Vanuatu"
    },
    {
        "code": "VE",
        "label": "Venezuela"
    },
    {
        "code": "VN",
        "label": "Vietnam"
    },
    {
        "code": "VG",
        "label": "Virgin Islands (british)"
    },
    {
        "code": "VI",
        "label": "Virgin Islands (usa)"
    },
    {
        "code": "WF",
        "label": "Wallis And Futuna Islands"
    },
    {
        "code": "YE",
        "label": "Yemen"
    },
    {
        "code": "ZM",
        "label": "Zambia"
    },
    {
        "code": "ZW",
        "label": "Zimbabwe"
    }
]