[
    {
        "code": "EG",
        "label": "Aegypten"
    },
    {
        "code": "GQ",
        "label": "Aequatorialguinea"
    },
    {
        "code": "ET",
        "label": "Aethiopien"
    },
    {
        "code": "AF",
        "label": "Afghanistan"
    },
    {
        "code": "AL",
        "label": "Albanien"
    },
    {
        "code": "DZ",
        "label": "Algerien"
    },
    {
        "code": "AS",
        "label": "Amerikanisch-samoa"
    },
    {
        "code": "AD",
        "label": "Andorra"
    },
    {
        "code": "AO",
        "label": "Angola"
    },
    {
        "code": "AI",
        "label": "Anguilla"
    },
    {
        "code": "AG",
        "label": "Antigua Und Barbuda"
    },
    {
        "code": "AR",
        "label": "Argentinien"
    },
    {
        "code": "AM",
        "label": "Armenien"
    },
    {
        "code": "AW",
        "label": "Aruba"
    },
    {
        "code": "AZ",
        "label": "Aserbaidschan"
    },
    {
        "code": "AU",
        "label": "Australien"
    },
    {
        "code": "BS",
        "label": "Bahamas"
    },
    {
        "code": "BH",
        "label": "Bahrein"
    },
    {
        "code": "BD",
        "label": "Bangladesch"
    },
    {
        "code": "BB",
        "label": "Barbados"
    },
    {
        "code": "BY",
        "label": "Belarus"
    },
    {
        "code": "BE",
        "label": "Belgien"
    },
    {
        "code": "BZ",
        "label": "Belize"
    },
    {
        "code": "BJ",
        "label": "Benin"
    },
    {
        "code": "BM",
        "label": "Bermudas"
    },
    {
        "code": "BT",
        "label": "Bhutan"
    },
    {
        "code": "BO",
        "label": "Bolivien"
    },
    {
        "code": "BQ",
        "label": "Bonaire, Saba, Sint Eustatius"
    },
    {
        "code": "BA",
        "label": "Bosnien-herzegovina"
    },
    {
        "code": "BW",
        "label": "Botsuana"
    },
    {
        "code": "BV",
        "label": "Bouvet (insel)"
    },
    {
        "code": "BR",
        "label": "Brasilien"
    },
    {
        "code": "VG",
        "label": "Britische Jungferninseln"
    },
    {
        "code": "BN",
        "label": "Brunei Darussalam"
    },
    {
        "code": "BG",
        "label": "Bulgarien"
    },
    {
        "code": "BF",
        "label": "Burkina Faso"
    },
    {
        "code": "BI",
        "label": "Burundi"
    },
    {
        "code": "CL",
        "label": "Chile"
    },
    {
        "code": "CN",
        "label": "China"
    },
    {
        "code": "CK",
        "label": "Cookinseln"
    },
    {
        "code": "CR",
        "label": "Costa Rica"
    },
    {
        "code": "CW",
        "label": "Curacao"
    },
    {
        "code": "DK",
        "label": "Daenemark"
    },
    {
        "code": "DE",
        "label": "Deutschland"
    },
    {
        "code": "DM",
        "label": "Dominica"
    },
    {
        "code": "DO",
        "label": "Dominikanische Republik"
    },
    {
        "code": "DJ",
        "label": "Dschibuti"
    },
    {
        "code": "EC",
        "label": "Ecuador"
    },
    {
        "code": "SV",
        "label": "El Salvador"
    },
    {
        "code": "CI",
        "label": "Elfenbeinkueste"
    },
    {
        "code": "ER",
        "label": "Eritrea"
    },
    {
        "code": "EE",
        "label": "Estland"
    },
    {
        "code": "FO",
        "label": "Faeroeer-inseln"
    },
    {
        "code": "FK",
        "label": "Falkland-inseln"
    },
    {
        "code": "FJ",
        "label": "Fidschi"
    },
    {
        "code": "FI",
        "label": "Finnland"
    },
    {
        "code": "FR",
        "label": "Frankreich"
    },
    {
        "code": "GF",
        "label": "Franzoesisch-guyana"
    },
    {
        "code": "PF",
        "label": "Franzoesisch-polynesien"
    },
    {
        "code": "TF",
        "label": "Franzoesische Australinseln"
    },
    {
        "code": "GA",
        "label": "Gabun"
    },
    {
        "code": "GM",
        "label": "Gambia"
    },
    {
        "code": "GE",
        "label": "Georgien"
    },
    {
        "code": "GH",
        "label": "Ghana"
    },
    {
        "code": "GI",
        "label": "Gibraltar"
    },
    {
        "code": "GD",
        "label": "Grenada"
    },
    {
        "code": "GR",
        "label": "Griechenland"
    },
    {
        "code": "GL",
        "label": "Groenland"
    },
    {
        "code": "GB",
        "label": "Grossbritannien"
    },
    {
        "code": "GP",
        "label": "Guadeloupe"
    },
    {
        "code": "GU",
        "label": "Guam"
    },
    {
        "code": "GT",
        "label": "Guatemala"
    },
    {
        "code": "GG",
        "label": "Guernesey"
    },
    {
        "code": "GN",
        "label": "Guinea"
    },
    {
        "code": "GW",
        "label": "Guinea-bissau"
    },
    {
        "code": "GY",
        "label": "Guyana"
    },
    {
        "code": "HT",
        "label": "Haiti"
    },
    {
        "code": "HM",
        "label": "Heard Und Mcdonald (inseln)"
    },
    {
        "code": "HN",
        "label": "Honduras"
    },
    {
        "code": "HK",
        "label": "Hongkong"
    },
    {
        "code": "IN",
        "label": "Indien"
    },
    {
        "code": "ID",
        "label": "Indonesien"
    },
    {
        "code": "IQ",
        "label": "Irak"
    },
    {
        "code": "IR",
        "label": "Iran"
    },
    {
        "code": "IE",
        "label": "Irland"
    },
    {
        "code": "IS",
        "label": "Island"
    },
    {
        "code": "IM",
        "label": "Isle Of Man"
    },
    {
        "code": "IL",
        "label": "Israel"
    },
    {
        "code": "IT",
        "label": "Italien"
    },
    {
        "code": "JM",
        "label": "Jamaika"
    },
    {
        "code": "JP",
        "label": "Japan"
    },
    {
        "code": "YE",
        "label": "Jemen"
    },
    {
        "code": "JE",
        "label": "Jersey"
    },
    {
        "code": "JO",
        "label": "Jordanien"
    },
    {
        "code": "VI",
        "label": "Jungferninseln (usa)"
    },
    {
        "code": "KH",
        "label": "Kambodscha"
    },
    {
        "code": "CM",
        "label": "Kamerun"
    },
    {
        "code": "CA",
        "label": "Kanada"
    },
    {
        "code": "CV",
        "label": "Kap Verde"
    },
    {
        "code": "KZ",
        "label": "Kasachstan"
    },
    {
        "code": "QA",
        "label": "Katar"
    },
    {
        "code": "KE",
        "label": "Kenia"
    },
    {
        "code": "KG",
        "label": "Kirgisien"
    },
    {
        "code": "KI",
        "label": "Kiribati"
    },
    {
        "code": "CC",
        "label": "Kokosinseln"
    },
    {
        "code": "CO",
        "label": "Kolumbien"
    },
    {
        "code": "KM",
        "label": "Komoren"
    },
    {
        "code": "CG",
        "label": "Kongo (brazzaville)"
    },
    {
        "code": "CD",
        "label": "Kongo (ex-zaire)"
    },
    {
        "code": "XK",
        "label": "Kosovo"
    },
    {
        "code": "HR",
        "label": "Kroatien"
    },
    {
        "code": "CU",
        "label": "Kuba"
    },
    {
        "code": "KW",
        "label": "Kuwait"
    },
    {
        "code": "LA",
        "label": "Laos"
    },
    {
        "code": "LS",
        "label": "Lesotho"
    },
    {
        "code": "LV",
        "label": "Lettland"
    },
    {
        "code": "LB",
        "label": "Libanon"
    },
    {
        "code": "LR",
        "label": "Liberia"
    },
    {
        "code": "LY",
        "label": "Libyen"
    },
    {
        "code": "LI",
        "label": "Lichtenstein"
    },
    {
        "code": "LT",
        "label": "Litauen"
    },
    {
        "code": "LU",
        "label": "Luxemburg"
    },
    {
        "code": "MO",
        "label": "Macau"
    },
    {
        "code": "MG",
        "label": "Madagaskar"
    },
    {
        "code": "MW",
        "label": "Malawi"
    },
    {
        "code": "MY",
        "label": "Malaysia"
    },
    {
        "code": "MV",
        "label": "Malediven"
    },
    {
        "code": "ML",
        "label": "Mali"
    },
    {
        "code": "MT",
        "label": "Malta"
    },
    {
        "code": "MA",
        "label": "Marokko"
    },
    {
        "code": "MH",
        "label": "Marshall-inseln"
    },
    {
        "code": "MQ",
        "label": "Martinique"
    },
    {
        "code": "MR",
        "label": "Mauretanien"
    },
    {
        "code": "MU",
        "label": "Mauritius"
    },
    {
        "code": "YT",
        "label": "Mayotte"
    },
    {
        "code": "MK",
        "label": "Mazedonien"
    },
    {
        "code": "MX",
        "label": "Mexiko"
    },
    {
        "code": "FM",
        "label": "Mikronesien (f√∂der.staaten)"
    },
    {
        "code": "MD",
        "label": "Moldawien"
    },
    {
        "code": "MC",
        "label": "Monaco"
    },
    {
        "code": "MN",
        "label": "Mongolei"
    },
    {
        "code": "ME",
        "label": "Montenegro"
    },
    {
        "code": "MS",
        "label": "Montserrat"
    },
    {
        "code": "MZ",
        "label": "Mosambik"
    },
    {
        "code": "MM",
        "label": "Myanmar"
    },
    {
        "code": "NA",
        "label": "Namibia"
    },
    {
        "code": "NR",
        "label": "Nauru"
    },
    {
        "code": "NP",
        "label": "Nepal"
    },
    {
        "code": "NC",
        "label": "Neukaledonien"
    },
    {
        "code": "NZ",
        "label": "Neuseeland"
    },
    {
        "code": "NI",
        "label": "Nicaragua"
    },
    {
        "code": "AN",
        "label": "Niederlaendische Antillen"
    },
    {
        "code": "NL",
        "label": "Niederlande"
    },
    {
        "code": "NE",
        "label": "Niger"
    },
    {
        "code": "NG",
        "label": "Nigeria"
    },
    {
        "code": "NU",
        "label": "Niue"
    },
    {
        "code": "MP",
        "label": "Noerdliche Marianen"
    },
    {
        "code": "KP",
        "label": "Nord-korea"
    },
    {
        "code": "NF",
        "label": "Norfolk (insel)"
    },
    {
        "code": "NO",
        "label": "Norwegen"
    },
    {
        "code": "AT",
        "label": "Oesterreich"
    },
    {
        "code": "OM",
        "label": "Oman"
    },
    {
        "code": "PK",
        "label": "Pakistan"
    },
    {
        "code": "PW",
        "label": "Palau"
    },
    {
        "code": "PS",
        "label": "Palestine"
    },
    {
        "code": "PA",
        "label": "Panama"
    },
    {
        "code": "PZ",
        "label": "Panama (kanalzone)"
    },
    {
        "code": "PG",
        "label": "Papua-neuguinea"
    },
    {
        "code": "PY",
        "label": "Paraguay"
    },
    {
        "code": "PE",
        "label": "Peru"
    },
    {
        "code": "PH",
        "label": "Philippinen"
    },
    {
        "code": "PN",
        "label": "Pitcairn"
    },
    {
        "code": "PL",
        "label": "Polen"
    },
    {
        "code": "PT",
        "label": "Portugal"
    },
    {
        "code": "PR",
        "label": "Puerto-rico"
    },
    {
        "code": "RE",
        "label": "Reunion (la)"
    },
    {
        "code": "RW",
        "label": "Ruanda"
    },
    {
        "code": "RO",
        "label": "Rumaenien"
    },
    {
        "code": "RU",
        "label": "Russische Foederation"
    },
    {
        "code": "BL",
        "label": "Saint-barthelemy"
    },
    {
        "code": "PM",
        "label": "Saint-pierre-et-miquelon"
    },
    {
        "code": "SH",
        "label": "Sainte-helene"
    },
    {
        "code": "SB",
        "label": "Salomonen"
    },
    {
        "code": "ZM",
        "label": "Sambia"
    },
    {
        "code": "WS",
        "label": "Samoa"
    },
    {
        "code": "SM",
        "label": "San Marino"
    },
    {
        "code": "ST",
        "label": "Sao Tome Und Principe"
    },
    {
        "code": "SA",
        "label": "Saudi-arabien"
    },
    {
        "code": "SE",
        "label": "Schweden"
    },
    {
        "code": "CH",
        "label": "Schweiz"
    },
    {
        "code": "SN",
        "label": "Senegal"
    },
    {
        "code": "RS",
        "label": "Serbien"
    },
    {
        "code": "CS",
        "label": "Serbien Und Montenegro"
    },
    {
        "code": "SC",
        "label": "Seychellen"
    },
    {
        "code": "SL",
        "label": "Sierra Leone"
    },
    {
        "code": "ZW",
        "label": "Simbabwe"
    },
    {
        "code": "SG",
        "label": "Singapur"
    },
    {
        "code": "SX",
        "label": "Sint Maarten"
    },
    {
        "code": "MF",
        "label": "Sint Maarten (nord)"
    },
    {
        "code": "SI",
        "label": "Slovenien"
    },
    {
        "code": "SK",
        "label": "Slowakei"
    },
    {
        "code": "SO",
        "label": "Somalia"
    },
    {
        "code": "ES",
        "label": "Spanien"
    },
    {
        "code": "LK",
        "label": "Sri Lanka"
    },
    {
        "code": "LC",
        "label": "St.-lucia"
    },
    {
        "code": "VC",
        "label": "St.vincent Und Die Grenadinen"
    },
    {
        "code": "SD",
        "label": "Sudan"
    },
    {
        "code": "SS",
        "label": "Sudsudan"
    },
    {
        "code": "ZA",
        "label": "Suedafrika"
    },
    {
        "code": "GS",
        "label": "Suedgeorgia Und Sandwichinseln"
    },
    {
        "code": "KR",
        "label": "Suedkorea"
    },
    {
        "code": "SR",
        "label": "Suriname"
    },
    {
        "code": "SJ",
        "label": "Svalbard & Jan Mayen (inseln)"
    },
    {
        "code": "SZ",
        "label": "Swasiland"
    },
    {
        "code": "SY",
        "label": "Syrien"
    },
    {
        "code": "TJ",
        "label": "Tadschikistan"
    },
    {
        "code": "TW",
        "label": "Taiwan"
    },
    {
        "code": "TZ",
        "label": "Tansania"
    },
    {
        "code": "TH",
        "label": "Thailand"
    },
    {
        "code": "TL",
        "label": "Timor-leste"
    },
    {
        "code": "TG",
        "label": "Togo"
    },
    {
        "code": "TK",
        "label": "Tokelauinseln"
    },
    {
        "code": "TO",
        "label": "Tonga"
    },
    {
        "code": "TT",
        "label": "Trinidad Und Tobago"
    },
    {
        "code": "TD",
        "label": "Tschad"
    },
    {
        "code": "CZ",
        "label": "Tschechien"
    },
    {
        "code": "TR",
        "label": "Tuerkei"
    },
    {
        "code": "TN",
        "label": "Tunesien"
    },
    {
        "code": "TM",
        "label": "Turkmenistan"
    },
    {
        "code": "TC",
        "label": "Turks- Und Caicosinseln"
    },
    {
        "code": "TV",
        "label": "Tuvalu"
    },
    {
        "code": "UG",
        "label": "Uganda"
    },
    {
        "code": "UA",
        "label": "Ukraine"
    },
    {
        "code": "HU",
        "label": "Ungarn"
    },
    {
        "code": "UY",
        "label": "Uruguay"
    },
    {
        "code": "UZ",
        "label": "Usbekistan"
    },
    {
        "code": "VU",
        "label": "Vanuatu"
    },
    {
        "code": "VE",
        "label": "Venezuela"
    },
    {
        "code": "AE",
        "label": "Vereinigte Arabische Emirate"
    },
    {
        "code": "UM",
        "label": "Vereinigte Staaten Von Amerika"
    },
    {
        "code": "US",
        "label": "Vereinigte Staaten Von Amerika"
    },
    {
        "code": "VN",
        "label": "Vietnam"
    },
    {
        "code": "WF",
        "label": "Wallis & Futuna (inseln)"
    },
    {
        "code": "CX",
        "label": "Weihnachtsinsel"
    },
    {
        "code": "EH",
        "label": "Westsahara"
    },
    {
        "code": "CF",
        "label": "Zentralafrikanische Republik"
    },
    {
        "code": "CY",
        "label": "Zypern"
    }
]