[
    {
        "accountType": "CDIGPK",
        "accountProductName": "Compte à vue Hello4You",
        "price": "00000.0000",
        "publicityLines": [
            {
                "display": "ORD",
                "line": "Par la suite, vous pourrez :"
            },
            {
                "display": "ORD",
                "line": "commander une Hello prepaid card ;"
            },
            {
                "display": "ORD",
                "line": "commander une carte de crédit Visa Classic * gratuite la première année."
            },
            {
                "display": "ORD",
                "line": "Toutes les deux sont comprises dans votre pack Hello4You !"
            },
            {
                "display": "PUB",
                "line": " Compte à vue et carte de banque"
            },
            {
                "display": "PUB",
                "line": " Hello prepaid card"
            },
            {
                "display": "PUB",
                "line": "Carte Visa Classic * (gratuite la 1re année)"
            },
            {
                "display": "SEL",
                "line": "Une fois votre demande acceptée et validée, vous bénéficierez directement d'une carte de banque et d'un compte gratuit jusquÈà vos 28 ans mais également :"
            },
            {
                "display": "SEL",
                "line": "de lÈaccès à la banque en ligne et mobile avec Easy Banking Web et Easy Banking App ** ;"
            },
            {
                "display": "SEL",
                "line": "de lÈexpertise de nos conseillers à distance (Hello team) ;"
            },
            {
                "display": "SEL",
                "line": "de l'univers Hello (concerts, promos, concours etc.)"
            }
        ]
    }
]