[
    {
        "accountType": "CDIGPK",
        "accountProductName": "Hello4You Sichtkonto",
        "price": "00000.0000",
        "publicityLines": [
            {
                "display": "ORD",
                "line": "Anschließend können Sie:"
            },
            {
                "display": "ORD",
                "line": "1 Hello Prepaid Card bestellen;"
            },
            {
                "display": "ORD",
                "line": "1 Visa Classic-Kreditkarte* bestellen, die im ersten Jahr kostenlos ist."
            },
            {
                "display": "ORD",
                "line": "Beide sind in Ihrem Hello4You-Pack inbegriffen!"
            },
            {
                "display": "PUB",
                "line": "Sichtkonto und Bankkarte"
            },
            {
                "display": "PUB",
                "line": "Hello Prepaid card"
            },
            {
                "display": "PUB",
                "line": "Visa Classic-Karte* (im 1. Jahr kostenlos)"
            },
            {
                "display": "SEL",
                "line": "Sobald Ihr Antrag angenommen und genehmigt wurde, verfügen Sie direkt über eine Bankkarte und ein Konto, das bis zum Alter von 28 Jahren kostenfrei ist, sowie zusätzlich über:"
            },
            {
                "display": "SEL",
                "line": "einen Zugang zum Online- und mobilen Banking mit Easy Banking Web und Easy Banking App**;"
            },
            {
                "display": "SEL",
                "line": "die Fachkompetenz der Telefon- und Online-Berater (Hello Team);"
            },
            {
                "display": "SEL",
                "line": "die Welt von Hello (Konzerte, Angebote, Gewinnspiele usw.)."
            }
        ]
    }
]