[
    {
        "accountType": "CDIGPK",
        "accountProductName": "Hello4You Current Account",
        "price": "00000.0000",
        "publicityLines": [
            {
                "display": "ORD",
                "line": "After that, you could:"
            },
            {
                "display": "ORD",
                "line": "order a Hello Prepaid card;"
            },
            {
                "display": "ORD",
                "line": "order a Visa Classic * credit card that is free for the first year."
            },
            {
                "display": "ORD",
                "line": "Both are included in your Hello4You pack."
            },
            {
                "display": "PUB",
                "line": "Current account and bank card"
            },
            {
                "display": "PUB",
                "line": "Hello Prepaid card"
            },
            {
                "display": "PUB",
                "line": "Visa Classic card (free for the first year) *"
            },
            {
                "display": "SEL",
                "line": "Once your request has been accepted and confirmed, you will enjoy the benefits of a bank card and a free current account until you reach the age of 28, but also:"
            },
            {
                "display": "SEL",
                "line": "access to your bank online and via your mobile with Easy Banking Web and Easy Banking App **;"
            },
            {
                "display": "SEL",
                "line": "expert advice from our advisers remotely by phone and digital channels (Hello team);"
            },
            {
                "display": "SEL",
                "line": "the Hello world (concerts, special offers, competitions etc.)."
            }
        ]
    }
]