[
    {
        "accountType": "CCOMF",
        "accountProductName": "Comfort Pack",
        "price": "00003.0000",
        "publicityLines": [
            {
                "display": "ORD",
                "line": "After that, you could:"
            },
            {
                "display": "ORD",
                "line": "order 1 credit card Visa Classic * or 1 Prepaid Card;"
            },
            {
                "display": "ORD",
                "line": "open two additional current accounts;"
            },
            {
                "display": "ORD",
                "line": "turn your accounts into a joint account (max. 2 account holders per pack);"
            },
            {
                "display": "ORD",
                "line": "order a bank card for each account holder and for each account."
            },
            {
                "display": "ORD",
                "line": "All of this is included in your Comfort Pack!"
            },
            {
                "display": "PUB",
                "line": "Current account and bank card"
            },
            {
                "display": "PUB",
                "line": "Visa Classic or prepaid card included *"
            },
            {
                "display": "SEL",
                "line": "Once your request has been accepted and confirmed, you will enjoy the benefits of a current account and a bank card, but also:"
            },
            {
                "display": "SEL",
                "line": "access to your bank online and via your mobile with Easy Banking Web and Easy Banking App **;"
            },
            {
                "display": "SEL",
                "line": "expert advice from our advisers in our branches and remotely by phone and digital channels (Easy Banking Centre)."
            }
        ]
    },
    {
        "accountType": "CPREMI",
        "accountProductName": "Premium Pack",
        "price": "00007.0000",
        "publicityLines": [
            {
                "display": "BON",
                "line": "Connecting 12 times to Easy Banking App = 1 month refunded"
            },
            {
                "display": "BON",
                "line": "12 payments using MasterCard Gold = 1 month refunded"
            },
            {
                "display": "BON",
                "line": "1 automatic savings transfer for 50 euros per month (minimum 500 euros per year) = 1 month refunded"
            },
            {
                "display": "BON",
                "line": "So that alone makes 3 months of refunds, which is 25% of the fees for your Premium Pack!"
            },
            {
                "display": "BON",
                "line": "Do this each year by 31 December and you will receive the refund in February \n"
            },
            {
                "display": "ORD",
                "line": "After that, you could:"
            },
            {
                "display": "ORD",
                "line": "order up to 2 MasterCard Gold * credit cards (or Visa Classic * or Prepaid Cards if you prefer);"
            },
            {
                "display": "ORD",
                "line": "open two additional current accounts;"
            },
            {
                "display": "ORD",
                "line": "turn your accounts into a joint account (max. 2 account holders per pack);"
            },
            {
                "display": "ORD",
                "line": "order a bank card for each account holder and for each account."
            },
            {
                "display": "ORD",
                "line": "All of this is included in your Premium Pack!"
            },
            {
                "display": "PUB",
                "line": "All the benefits of the Comfort Pack"
            },
            {
                "display": "PUB",
                "line": "MasterCard Gold card(s) with a standard spending limit of 5,000 euros and all insurance relating to the card *"
            },
            {
                "display": "PUB",
                "line": "Bonus to get back up to 100% of the cost of your Premium Pack"
            },
            {
                "display": "SEL",
                "line": "Once your request has been accepted and confirmed, you will enjoy the benefits of a current account and a bank card, but also:"
            },
            {
                "display": "SEL",
                "line": "free replacements for your cards if they are lost or stolen;"
            },
            {
                "display": "SEL",
                "line": "access to your bank online and via your mobile with Easy Banking Web and Easy Banking App **;"
            },
            {
                "display": "SEL",
                "line": "expert advice from our advisers in our branches and remotely by phone and digital channels (Easy Banking Centre)."
            }
        ]
    }
]