[
    {
        "accountType": "CCOMF",
        "accountProductName": "Comfort Pack",
        "price": "00003.0000",
        "publicityLines": [
            {
                "display": "ORD",
                "line": "Anschließend können Sie:"
            },
            {
                "display": "ORD",
                "line": "1 Visa Classic-Kreditkarte* oder 1 Prepaid Card bestellen;"
            },
            {
                "display": "ORD",
                "line": "2 zusätzliche Sichtkonten eröffnen;"
            },
            {
                "display": "ORD",
                "line": "Ihre Konten in ein Gemeinschaftskonto (max. 2 Kontoinhaber pro Pack) umwandeln;"
            },
            {
                "display": "ORD",
                "line": "für jeden Kontoinhaber und für jedes Konto eine Bankkarte bestellen."
            },
            {
                "display": "ORD",
                "line": "Dies alles ist in Ihrem Comfort Pack inbegriffen!"
            },
            {
                "display": "PUB",
                "line": "Sichtkonto und Bankkarte"
            },
            {
                "display": "PUB",
                "line": "Visa Classic* oder Prepaid-Karte inbegriffen"
            },
            {
                "display": "SEL",
                "line": "Sobald Ihr Antrag angenommen und genehmigt wurde, verfügen Sie direkt über ein Sichtkonto und eine Bankkarte sowie zusätzlich über:"
            },
            {
                "display": "SEL",
                "line": "einen Zugang zum Online- und mobilen Banking mit Easy Banking Web und Easy Banking App**;"
            },
            {
                "display": "SEL",
                "line": "die Fachkompetenz der Berater in den Zweigstellen sowie der Telefon- und Online-Berater (Easy Banking Centre)"
            }
        ]
    },
    {
        "accountType": "CPREMI",
        "accountProductName": "Premium Pack",
        "price": "00006.2500",
        "publicityLines": [
            {
                "display": "BON",
                "line": "12 Anmeldungen an Easy Banking App = 1 Monat zurückgezahlt"
            },
            {
                "display": "BON",
                "line": "12 Zahlungen mit der MasterCard Gold = 1 Monat zurückgezahlt"
            },
            {
                "display": "BON",
                "line": "1 Spardauerauftrag von 50 Euro pro Monat (mind. 500 Euro pro Jahr) = 1 Monat zurückgezahlt"
            },
            {
                "display": "BON",
                "line": "Damit werden Ihnen bereits 3 Monate zurückgezahlt, das entspricht 25 % des Preises Ihres Premium Pack!"
            },
            {
                "display": "BON",
                "line": "Tun Sie dies jedes Jahr vor dem 31. Dezember, damit Sie die Rückzahlung im Februar erhalten \n"
            },
            {
                "display": "ORD",
                "line": "Anschließend können Sie:"
            },
            {
                "display": "ORD",
                "line": "bis zu 2 MasterCard Gold-Kreditkarten* bestellen (bzw. entsprechend Ihren Bedürfnissen Visa Classic* oder Prepaid Card);"
            },
            {
                "display": "ORD",
                "line": "2 zusätzliche Sichtkonten eröffnen;"
            },
            {
                "display": "ORD",
                "line": "Ihre Konten in ein Gemeinschaftskonto (max. 2 Kontoinhaber pro Pack) umwandeln;"
            },
            {
                "display": "ORD",
                "line": "für jeden Kontoinhaber und für jedes Konto eine Bankkarte bestellen."
            },
            {
                "display": "ORD",
                "line": "All dies ist in Ihrem Premium Pack inbegriffen!"
            },
            {
                "display": "PUB",
                "line": "Alle Vorteile des Comfort Pack"
            },
            {
                "display": "PUB",
                "line": "MasterCard Gold-Karte(n)* mit einem Verfügungslimit von 5.000 Euro und allen mit der Karte verbundenen Versicherungen"
            },
            {
                "display": "PUB",
                "line": "Bonus, mit dem Sie bis zu 100 % des Preises Ihres Premium Pack erstattet bekommen"
            },
            {
                "display": "SEL",
                "line": "Sobald Ihr Antrag angenommen und genehmigt wurde, verfügen Sie direkt über ein Sichtkonto und eine Bankkarte sowie zusätzlich über:"
            },
            {
                "display": "SEL",
                "line": "kostenlosen Ersatz Ihrer Karten bei Verlust oder Diebstahl;"
            },
            {
                "display": "SEL",
                "line": "einen Zugang zum Online- und mobilen Banking mit Easy Banking Web und Easy Banking App**;"
            },
            {
                "display": "SEL",
                "line": "die Fachkompetenz der Berater in den Zweigstellen sowie der Telefon- und Online-Berater (Easy Banking Centre)."
            }
        ]
    }
]