[
    {
        "accountType": "CDIGPK",
        "accountProductName": "Hello4You Zichtrekening",
        "price": "00000.0000",
        "publicityLines": [
            {
                "display": "ORD",
                "line": "Vervolgens kun je:"
            },
            {
                "display": "ORD",
                "line": "een Hello Prepaid card bestellen;"
            },
            {
                "display": "ORD",
                "line": "een gratis kredietkaart Visa Classic* bestellen gedurende het eerste jaar."
            },
            {
                "display": "ORD",
                "line": "Ze zijn allebei inbegrepen in je Hello4You Pack!"
            },
            {
                "display": "PUB",
                "line": "Zichtrekening en bankkaart"
            },
            {
                "display": "PUB",
                "line": "Hello Prepaid card"
            },
            {
                "display": "PUB",
                "line": "Visa Classic-kaart* (het eerste jaar gratis)"
            },
            {
                "display": "SEL",
                "line": "Zodra je aanvraag is aanvaard en bevestigd, beschik je direct over een bankkaart en een gratis rekening tot de leeftijd van 28 jaar, maar ook over de volgende diensten:"
            },
            {
                "display": "SEL",
                "line": "toegang tot de online- en mobiele bank met Easy Banking Web en Easy Banking App**;"
            },
            {
                "display": "SEL",
                "line": "toegang tot de expertise van onze adviseurs op afstand (Hello team);"
            },
            {
                "display": "SEL",
                "line": "toegang tot het Hello-universum (concerten, promo's, wedstrijden enz.)."
            }
        ]
    }
]